[www.yourhandprint.com/index.html]
[backblue.gif]
[fade.gif]
[index.html]
[www.yourhandprint.com/button4.jpg]
[www.yourhandprint.com/button5.jpg]
[www.yourhandprint.com/buttonA.jpg]
[www.yourhandprint.com/buttonB.jpg]
[www.yourhandprint.com/button10.jpg]
[www.yourhandprint.com/button11.jpg]
[www.yourhandprint.com/images/button16.jpg]
[www.yourhandprint.com/images/button17.jpg]
[www.yourhandprint.com/button19.jpg]
[www.yourhandprint.com/button1A.jpg]
[www.yourhandprint.com/images/button1C.jpg]
[www.yourhandprint.com/images/button1D.jpg]
[www.yourhandprint.com/button7.jpg]
[www.yourhandprint.com/button8.jpg]
[www.yourhandprint.com/button7C.jpg]
[www.yourhandprint.com/button7D.jpg]
[www.yourhandprint.com/images/buttonB6.jpg]
[www.yourhandprint.com/images/buttonB7.jpg]
[www.yourhandprint.com/images/buttonB9.jpg]
[www.yourhandprint.com/images/buttonBA.jpg]
[www.yourhandprint.com/images/buttonBC.jpg]
[www.yourhandprint.com/images/buttonBD.jpg]
[www.yourhandprint.com/images/buttonBF.jpg]
[www.yourhandprint.com/images/buttonC0.jpg]
[www.yourhandprint.com/images/buttonC2.jpg]
[www.yourhandprint.com/images/buttonC3.jpg]
[www.yourhandprint.com/images/buttonC5.jpg]
[www.yourhandprint.com/images/buttonC6.jpg]
[www.yourhandprint.com/images/buttonC8.jpg]
[www.yourhandprint.com/images/buttonC9.jpg]
[www.yourhandprint.com/button3.jpg]
[www.yourhandprint.com/gallery.html]
[www.yourhandprint.com/button9.jpg]
[www.yourhandprint.com/buttonF.jpg]
[www.yourhandprint.com/images/button15.jpg]
[www.yourhandprint.com/fundraisers.html]
[www.yourhandprint.com/button18.jpg]
[www.yourhandprint.com/areasavailable.html]
[www.yourhandprint.com/images/button1B.jpg]
[www.yourhandprint.com/links.html]
[www.yourhandprint.com/button49.jpg]
[www.yourhandprint.com/button7B.jpg]
[www.yourhandprint.com/circus-arts-conservatory.html]
[www.yourhandprint.com/images/YHP_2015_Circus_Arts_No_1_Fundrasier_Display_wwwYourHandPrints.jpg]
[www.yourhandprint.com/images/YHP_2015_Circus_Arts_No_2_Fundrasier_Display_wwwYourHandPrints.jpg]
[www.yourhandprint.com/Venice_circus_Orando_Flying_Gaonas_index.html]
[www.yourhandprint.com/images/VCircus_1_paver_ORLANDO_Side_view_LARGE_INDEX_wl.jpg]
[www.yourhandprint.com/john_ringling.html]
[www.yourhandprint.com/images/YourHandPrintscom_16_inch_Square_FLAT_DISPLAY_index.jpg]
[www.yourhandprint.com/8inchsquarebrick.html]
[www.yourhandprint.com/DSC00014.jpg]
[www.yourhandprint.com/sean_colson_hand_print.html]
[www.yourhandprint.com/images/seanhandprint.jpg]
[www.yourhandprint.com/8inchsquarebrickb.html]
[www.yourhandprint.com/DSC00015.jpg]
[www.yourhandprint.com/yhpfamilyset.html]
[www.yourhandprint.com/images/11multible2.jpg]
[www.yourhandprint.com/royalset.html]
[www.yourhandprint.com/images/DSC00029ws.jpg]
[www.yourhandprint.com/royalfullset.html]
[www.yourhandprint.com/images/DSC00030ws.jpg]
[www.yourhandprint.com/thisway.html]
[www.yourhandprint.com/images/thiswayws.jpg]
[www.yourhandprint.com/peace.html]
[www.yourhandprint.com/images/peacews.jpg]
[www.yourhandprint.com/hitchhiker.html]
[www.yourhandprint.com/images/hitchhikerws.jpg]
[www.yourhandprint.com/jack_dowd.html]
[www.yourhandprint.com/images/jackdowd3ws.jpg]
[www.yourhandprint.com/molly.html]
[www.yourhandprint.com/images/mollyws.jpg]
[www.yourhandprint.com/frank_colson.html]
[www.yourhandprint.com/images/fchpws.jpg]
[www.yourhandprint.com/memorial_paver_stones.html]
[www.yourhandprint.com/images/bob_ardren3.jpg]
[www.yourhandprint.com/images/bob_ardren4.jpg]
[www.yourhandprint.com/images/bob_ardren1.jpg]
[www.yourhandprint.com/15seanb.jpg]
[www.yourhandprint.com/DSC00018.jpg]
[www.yourhandprint.com/images/buttonB5.jpg]
[www.yourhandprint.com/images/buttonB8.jpg]
[www.yourhandprint.com/images/buttonBB.jpg]
[www.yourhandprint.com/images/buttonBE.jpg]
[www.yourhandprint.com/images/buttonC1.jpg]
[www.yourhandprint.com/images/buttonC4.jpg]
[www.yourhandprint.com/images/buttonC7.jpg]
[www.yourhandprint.com/index.html]
[www.yourhandprint.com/images/button1A.jpg]
[www.yourhandprint.com/images/button19.jpg]
[www.yourhandprint.com/images/button87.jpg]
[www.yourhandprint.com/images/button88.jpg]
[www.yourhandprint.com/images/button8A.jpg]
[www.yourhandprint.com/images/button8B.jpg]
[www.yourhandprint.com/images/button8D.jpg]
[www.yourhandprint.com/images/button8E.jpg]
[www.yourhandprint.com/images/button90.jpg]
[www.yourhandprint.com/images/button92.jpg]
[www.yourhandprint.com/images/button93.jpg]
[www.yourhandprint.com/images/button94.jpg]
[www.yourhandprint.com/images/button96.jpg]
[www.yourhandprint.com/images/button97.jpg]
[www.yourhandprint.com/images/button99.jpg]
[www.yourhandprint.com/images/button9A.jpg]
[www.yourhandprint.com/images/button7D.jpg]
[www.yourhandprint.com/images/button7C.jpg]
[www.yourhandprint.com/images/button9C.jpg]
[www.yourhandprint.com/images/button9D.jpg]
[www.yourhandprint.com/images/button9F.jpg]
[www.yourhandprint.com/images/buttonA0.jpg]
[www.yourhandprint.com/images/buttonA2.jpg]
[www.yourhandprint.com/images/buttonA3.jpg]
[www.yourhandprint.com/images/buttonA5.jpg]
[www.yourhandprint.com/images/buttonA6.jpg]
[www.yourhandprint.com/images/buttonA8.jpg]
[www.yourhandprint.com/images/buttonA9.jpg]
[www.yourhandprint.com/images/buttonAB.jpg]
[www.yourhandprint.com/images/buttonAC.jpg]
[www.yourhandprint.com/images/buttonAE.jpg]
[www.yourhandprint.com/images/buttonAF.jpg]
[www.yourhandprint.com/images/button86.jpg]
[www.yourhandprint.com/images/button89.jpg]
[www.yourhandprint.com/images/button8C.jpg]
[www.yourhandprint.com/images/button8F.jpg]
[www.yourhandprint.com/images/button95.jpg]
[www.yourhandprint.com/images/button98.jpg]
[www.yourhandprint.com/images/button100.jpg]
[www.yourhandprint.com/images/button7B.jpg]
[www.yourhandprint.com/performers.html]
[www.yourhandprint.com/images/YHP_LG_Circus_Joe_top_view_PERFORMERS_PAVER_gallery_ws.jpg]
[www.yourhandprint.com/family.html]
[www.yourhandprint.com/images/Fall_2013_039_FAMILY_CHILDREN_PAVERS_gallery_ws.jpg]
[www.yourhandprint.com/images/YHP_2013_FUNDRAISER_PAVERS_gallery_ws.jpg]
[www.yourhandprint.com/fundraisers-2.html]
[www.yourhandprint.com/message.html]
[www.yourhandprint.com/images/YHP_Logo_2013_MESSAGE_PAVERS_gallery_ws.jpg]
[www.yourhandprint.com/pets.html]
[www.yourhandprint.com/images/YHP_ 2013_PET_PAVERS_gallery_ws.jpg]
[www.yourhandprint.com/images/DSC00017.jpg]
[www.yourhandprint.com/images/DSC00020.jpg]
[www.yourhandprint.com/images/DSC00018.jpg]
[www.yourhandprint.com/images/DSC00019ws.jpg]
[www.yourhandprint.com/images/frankcolson14ws.jpg]
[www.yourhandprint.com/images/DSC00021.jpg]
[www.yourhandprint.com/images/DSC00024.jpg]
[www.yourhandprint.com/images/DSC00023.jpg]
[www.yourhandprint.com/images/23.jpg]
[www.yourhandprint.com/images/button9B.jpg]
[www.yourhandprint.com/images/button9E.jpg]
[www.yourhandprint.com/images/buttonA1.jpg]
[www.yourhandprint.com/images/buttonA4.jpg]
[www.yourhandprint.com/images/buttonA7.jpg]
[www.yourhandprint.com/images/buttonAA.jpg]
[www.yourhandprint.com/images/buttonAD.jpg]
[www.yourhandprint.com/gallery.html]
[www.yourhandprint.com/button1F.jpg]
[www.yourhandprint.com/button20.jpg]
[www.yourhandprint.com/button7F.jpg]
[www.yourhandprint.com/button81.jpg]
[www.yourhandprint.com/images/button10.jpg]
[www.yourhandprint.com/images/buttonA.jpg]
[www.yourhandprint.com/images/buttonF.jpg]
[www.yourhandprint.com/images/button11.jpg]
[www.yourhandprint.com/images/button12.jpg]
[www.yourhandprint.com/images/button13.jpg]
[www.yourhandprint.com/images/button1E.jpg]
[www.yourhandprint.com/images/button1F.jpg]
[www.yourhandprint.com/images/button2B.jpg]
[www.yourhandprint.com/images/button2C.jpg]
[www.yourhandprint.com/images/button2E.jpg]
[www.yourhandprint.com/images/button2F.jpg]
[www.yourhandprint.com/images/button2A.jpg]
[www.yourhandprint.com/images/button8.jpg]
[www.yourhandprint.com/images/button14.jpg]
[www.yourhandprint.com/images/2_www.YourHandPrints_fund_raiser_wss.jpg]
[www.yourhandprint.com/fundraisers_1.html]
[www.yourhandprint.com/images/YHP_Bluffington_NC_7_Edited_fund_raiser_ws.jpg]
[www.yourhandprint.com/fundraisers_2.html]
[www.yourhandprint.com/images/1_www.YourHandPrints_ws.jpg]
[www.yourhandprint.com/fundraisers_3.html]
[www.yourhandprint.com/images/YHP_2013_FUNDRAISER_PAVERS_fund_raiser_ws.jpg]
[www.yourhandprint.com/images/10102.jpg]
[www.yourhandprint.com/images/10088.jpg]
[www.yourhandprint.com/circus.html]
[www.yourhandprint.com/images/button2D.jpg]
[www.yourhandprint.com/images/button1D1.jpg]
[www.yourhandprint.com/images/buttonE.jpg]
[www.yourhandprint.com/disclaimer.html]
[www.yourhandprint.com/button1E.jpg]
[www.yourhandprint.com/button7E.jpg]
[www.yourhandprint.com/fundraisers.html]
[www.yourhandprint.com/images/button25.jpg]
[www.yourhandprint.com/images/button26.jpg]
[www.yourhandprint.com/images/button28.jpg]
[www.yourhandprint.com/images/button29.jpg]
[www.yourhandprint.com/images/button24.jpg]
[www.yourhandprint.com/images/button27.jpg]
[www.yourhandprint.com/areasavailable.html]
[www.yourhandprint.com/images/11multibleWS.jpg]
[www.yourhandprint.com/images/button22.jpg]
[www.yourhandprint.com/images/button23.jpg]
[www.yourhandprint.com/images/button34.jpg]
[www.yourhandprint.com/images/button35.jpg]
[www.yourhandprint.com/images/button37.jpg]
[www.yourhandprint.com/images/button38.jpg]
[www.yourhandprint.com/images/button54.jpg]
[www.yourhandprint.com/images/button55.jpg]
[www.yourhandprint.com/images/button62.jpg]
[www.yourhandprint.com/images/button70.jpg]
[www.yourhandprint.com/images/button81.jpg]
[www.yourhandprint.com/images/button5A.jpg]
[www.yourhandprint.com/images/button5C.jpg]
[www.yourhandprint.com/images/button5D.jpg]
[www.yourhandprint.com/images/button5F.jpg]
[www.yourhandprint.com/images/button82.jpg]
[www.yourhandprint.com/images/button83.jpg]
[www.yourhandprint.com/images/button84.jpg]
[www.yourhandprint.com/images/button85.jpg]
[www.yourhandprint.com/images/button101.jpg]
[www.yourhandprint.com/images/button102.jpg]
[www.yourhandprint.com/images/button103.jpg]
[www.yourhandprint.com/images/button6B.jpg]
[www.yourhandprint.com/images/button6C1.jpg]
[www.yourhandprint.com/images/button6E1.jpg]
[www.yourhandprint.com/images/button6F.jpg]
[www.yourhandprint.com/images/button104.jpg]
[www.yourhandprint.com/images/button105.jpg]
[www.yourhandprint.com/images/button106.jpg]
[www.yourhandprint.com/images/button107.jpg]
[www.yourhandprint.com/images/button108.jpg]
[www.yourhandprint.com/images/button109.jpg]
[www.yourhandprint.com/images/button7A.jpg]
[www.yourhandprint.com/images/button7B1.jpg]
[www.yourhandprint.com/images/button110.jpg]
[www.yourhandprint.com/images/button6A.jpg]
[www.yourhandprint.com/images/button6D1.jpg]
[www.yourhandprint.com/images/button111.jpg]
[www.yourhandprint.com/images/button112.jpg]
[www.yourhandprint.com/images/button113.jpg]
[www.yourhandprint.com/images/button114.jpg]
[www.yourhandprint.com/index-2.html]
[www.yourhandprint.com/images/ChineseCourtyard1(small).jpg]
[www.yourhandprint.com/images/ChineseTheatreFootprints-MelGibson(small).jpg]
[www.yourhandprint.com/images/ChineseTheatreFootprints-JudyGarland(small).jpg]
[www.yourhandprint.com/images/ChineseCourtyard4(small).jpg]
[www.yourhandprint.com/images/ChineseCourtyard2(small).jpg]
[www.yourhandprint.com/images/ChineseTheatreFootprints-JohnWayne(small).jpg]
[www.yourhandprint.com/images/ChineseTheatreFootprints(small).jpg]
[www.yourhandprint.com/images/button52.jpg]
[www.yourhandprint.com/images/button115.jpg]
[www.yourhandprint.com/images/button116.jpg]
[www.yourhandprint.com/images/button5B.jpg]
[www.yourhandprint.com/images/button5E.jpg]
[www.yourhandprint.com/images/button117.jpg]
[www.yourhandprint.com/images/button118.jpg]
[www.yourhandprint.com/links.html]
[www.yourhandprint.com/images/YHP_2015_Circus_Arts_No_1l_Fundrasier_Display_wwwYourHandPrints.jpg]
[www.yourhandprint.com/images/YHP_2015_Circus_Arts_No_1lb_Fundrasier_Display_wwwYourHandPrints.jpg]
[www.yourhandprint.com/images/YHP_2015_Circus_Arts_No_2lb_Fundrasier_Display_wwwYourHandPrints.jpg]
[www.yourhandprint.com/images/YHP_2015_Circus_Arts_No_2l_Fundrasier_Display_wwwYourHandPrints.jpg]
[www.yourhandprint.com/circus-arts-conservatory.html]
[www.yourhandprint.com/images/VCircus_1_paver_ORLANDO_Side_view_LARGE_wl.jpg]
[www.yourhandprint.com/Venice_circus_Orando_Flying_Gaonas_index.html]
[www.yourhandprint.com/images/YourHandPrintscom_16_inch_Square_FLAT_DISPLAY.jpg]
[www.yourhandprint.com/images/YourHandPrintscom_16_inch_Square_VERTICAL_DISPLAY.jpg]
[www.yourhandprint.com/john_ringling.html]
[www.yourhandprint.com/8inchsquarebrick.html]
[www.yourhandprint.com/images/seanhandprint2.jpg]
[www.yourhandprint.com/sean_colson_hand_print.html]
[www.yourhandprint.com/8inchsquarebrickb.html]
[www.yourhandprint.com/images/11multible2a.jpg]
[www.yourhandprint.com/yhpfamilyset.html]
[www.yourhandprint.com/images/DSC00029crop.jpg]
[www.yourhandprint.com/royalset.html]
[www.yourhandprint.com/images/DSC00030cropped.jpg]
[www.yourhandprint.com/royalfullset.html]
[www.yourhandprint.com/images/thiswaywl.jpg]
[www.yourhandprint.com/thisway.html]
[www.yourhandprint.com/images/peacewl.jpg]
[www.yourhandprint.com/peace.html]
[www.yourhandprint.com/images/hitchhikerwl.jpg]
[www.yourhandprint.com/hitchhiker.html]
[www.yourhandprint.com/images/6.jpg]
[www.yourhandprint.com/jack_dowd_1_pop.html]
[www.yourhandprint.com/images/Jack_Dowd_shadow.jpg]
[www.yourhandprint.com/jack_dowd_2_pop.html]
[www.yourhandprint.com/images/Jack_Dowd_2.jpg]
[www.yourhandprint.com/jack_dowd.html]
[www.yourhandprint.com/images/mollywl.jpg]
[www.yourhandprint.com/molly.html]
[www.yourhandprint.com/images/YHPs_SRQ_Art_Center_3_2.jpg]
[www.yourhandprint.com/images/YHPs_SRQ_Art_Center_6_2.jpg]
[www.yourhandprint.com/images/DSC00019.jpg]
[www.yourhandprint.com/images/frankcolsonsigned.jpg]
[www.yourhandprint.com/frank_colson.html]
[www.yourhandprint.com/memorial_paver_stones_3.html]
[www.yourhandprint.com/memorial_paver_stones_2.html]
[www.yourhandprint.com/memorial_paver_stones_1.html]
[www.yourhandprint.com/memorial_paver_stones.html]
[www.yourhandprint.com/dash_performer_paver.html]
[www.yourhandprint.com/images/Dash_Clown_College_Reunion_Class_72_paver_performer_ws.jpg]
[www.yourhandprint.com/nucha_braun_paver_demonstration.html]
[www.yourhandprint.com/images/YHP_Nucha_Braun_Circus_Performer_2013_paver_ws.jpg]
[www.yourhandprint.com/nucha_braun_performer_paver.html]
[www.yourhandprint.com/images/YHP_LG_Circus_Nucha_slant_performer_ws.jpg]
[www.yourhandprint.com/gino_braun_performer_paver.html]
[www.yourhandprint.com/images/YHP_LG_Circus_Gino_top_view_performer_ws.jpg]
[www.yourhandprint.com/images/VCircus_ pavers_Printing_with_People_ LARGE_performer_wl.jpg]
[www.yourhandprint.com/images/VCircus_3_pavers_LARGE_performer_ws.jpg]
[www.yourhandprint.com/joe_dougal_performer_paver.html]
[www.yourhandprint.com/images/YHP_LG_Circus_Joe_top_view_PERFORMERS_PAVER_performers_ws.jpg]
[www.yourhandprint.com/performers.html]
[www.yourhandprint.com/family_paver_lola_1.html]
[www.yourhandprint.com/images/YHP_089_family_ws.jpg]
[www.yourhandprint.com/family_paver_lola_2.html]
[www.yourhandprint.com/images/YHP_076_family_ws.jpg]
[www.yourhandprint.com/family_paver_lola_3.html]
[www.yourhandprint.com/images/Fall_2013_022_family_ws.jpg]
[www.yourhandprint.com/family_paver_7.html]
[www.yourhandprint.com/images/Fall_2013_039_FAMILY_CHILDREN_PAVERS_family_ws.jpg]
[www.yourhandprint.com/family_paver_5.html]
[www.yourhandprint.com/images/Fall_2013_029_family_ws.jpg]
[www.yourhandprint.com/family_paver_colsons_4.html]
[www.yourhandprint.com/images/Fall_2013_025_family_ws.jpg]
[www.yourhandprint.com/images/Fall_2013_042_ws.jpg]
[www.yourhandprint.com/family.html]
[www.yourhandprint.com/images/YHP_2013_FUNDRAISER_PAVERS_wl.jpg]
[www.yourhandprint.com/fundraisers-2.html]
[www.yourhandprint.com/message_paver_1.html]
[www.yourhandprint.com/images/YHP_2013_MESSGAE_PAVERS_message_ws.jpg]
[www.yourhandprint.com/message_paver_2.html]
[www.yourhandprint.com/images/YHP_Messages_message_ws.jpg]
[www.yourhandprint.com/message_paver_3.html]
[www.yourhandprint.com/images/YHP_Peace_message_ws.jpg]
[www.yourhandprint.com/message_paver_4.html]
[www.yourhandprint.com/images/YHP_Logo_2013_MESSAGE_PAVERS_message_ws.jpg]
[www.yourhandprint.com/message.html]
[www.yourhandprint.com/pet_paver_turbey.html]
[www.yourhandprint.com/images/YHP_ 2013_PET_PAVERS_wl.jpg]
[www.yourhandprint.com/pets.html]
[www.yourhandprint.com/images/YHP_Bluffington_NC_7_Edited_wl.jpg]
[www.yourhandprint.com/fundraisers_1.html]
[www.yourhandprint.com/images/1_www.YourHandPrints_wl.jpg]
[www.yourhandprint.com/fundraisers_2.html]
[www.yourhandprint.com/fundraisers_3.html]
[www.yourhandprint.com/Venice_circus_Flying_Gaonas_1.html]
[www.yourhandprint.com/Venice_circus_Flying_Gaonas_2.html]
[www.yourhandprint.com/Venice_circus_Flying_Gaonas_3.html]
[www.yourhandprint.com/Venice_circus_Armando_Flying_Gaonas.html]
[www.yourhandprint.com/Venice_circus_Orando_Flying_Gaonas.html]
[www.yourhandprint.com/Venice_circus_Tito_Flying_Gaonas_.html]
[www.yourhandprint.com/circus.html]
[www.yourhandprint.com/disclaimer.html]
[www.yourhandprint.com/index-2.html]
[www.yourhandprint.com/images/Jack_Dowd_1wl.jpg]
[www.yourhandprint.com/jack_dowd_1_pop.html]
[www.yourhandprint.com/images/Jack_Dowd_2wl.jpg]
[www.yourhandprint.com/jack_dowd_2_pop.html]
[www.yourhandprint.com/images/tree.jpg]
[www.yourhandprint.com/memorial_paver_stones_3.html]
[www.yourhandprint.com/images/tracia.jpg]
[www.yourhandprint.com/memorial_paver_stones_2.html]
[www.yourhandprint.com/images/joea.jpg]
[www.yourhandprint.com/memorial_paver_stones_1.html]
[www.yourhandprint.com/images/Dash_Clown_College_Reunion_Class_72_wl.jpg]
[www.yourhandprint.com/dash_performer_paver.html]
[www.yourhandprint.com/images/YHP_Nucha_Braun_Circus_Performer_2013_wl.jpg]
[www.yourhandprint.com/nucha_braun_paver_demonstration.html]
[www.yourhandprint.com/images/YHP_LG_Circus_Nucha_slant_wl.jpg]
[www.yourhandprint.com/nucha_braun_performer_paver.html]
[www.yourhandprint.com/images/YHP_LG_Circus_Gino_top_view_wl.jpg]
[www.yourhandprint.com/gino_braun_performer_paver.html]
[www.yourhandprint.com/images/YHP_LG_Circus_Joe_top_view_PERFORMERS_PAVER_wl.jpg]
[www.yourhandprint.com/joe_dougal_performer_paver.html]
[www.yourhandprint.com/images/YHP_089_wl.jpg]
[www.yourhandprint.com/family_paver_lola_1.html]
[www.yourhandprint.com/images/YHP_076_wl.jpg]
[www.yourhandprint.com/family_paver_lola_2.html]
[www.yourhandprint.com/images/Fall_2013_022_wl.jpg]
[www.yourhandprint.com/family_paver_lola_3.html]
[www.yourhandprint.com/images/Fall_2013_039_FAMILY_CHILDREN_PAVERS_wl.jpg]
[www.yourhandprint.com/family_paver_7.html]
[www.yourhandprint.com/images/Fall_2013_029_wl.jpg]
[www.yourhandprint.com/family_paver_5.html]
[www.yourhandprint.com/images/Fall_2013_025_wl.jpg]
[www.yourhandprint.com/family_paver_colsons_4.html]
[www.yourhandprint.com/images/YHP_2013_MESSGAE_PAVERS_wl.jpg]
[www.yourhandprint.com/message_paver_1.html]
[www.yourhandprint.com/images/YHP_Messages_wl.jpg]
[www.yourhandprint.com/message_paver_2.html]
[www.yourhandprint.com/images/YHP_Peace_wl.jpg]
[www.yourhandprint.com/message_paver_3.html]
[www.yourhandprint.com/images/YHP_Logo_2013_MESSAGE_PAVERS_wl.jpg]
[www.yourhandprint.com/message_paver_4.html]
[www.yourhandprint.com/pet_paver_turbey.html]
[www.yourhandprint.com/images/VCircus_3_pavers_Printing_with_People_LARGE_wl.jpg]
[www.yourhandprint.com/Venice_circus_Flying_Gaonas_1.html]
[www.yourhandprint.com/images/VCircus_3_pavers_Top_View_LARGE_wl.jpg]
[www.yourhandprint.com/Venice_circus_Flying_Gaonas_2.html]
[www.yourhandprint.com/images/VCircus_3_pavers_LARGE_wl.jpg]
[www.yourhandprint.com/Venice_circus_Flying_Gaonas_3.html]
[www.yourhandprint.com/images/VCircus_1_paver_Armando_Top_view_LARGE_wl.jpg]
[www.yourhandprint.com/Venice_circus_Armando_Flying_Gaonas.html]
[www.yourhandprint.com/Venice_circus_Orando_Flying_Gaonas.html]
[www.yourhandprint.com/images/VCircus_1_paver_TITO_Top_view_LARGE_wl.jpg]
[www.yourhandprint.com/Venice_circus_Tito_Flying_Gaonas_.html]
